{
  "now": "2026-09-22T09:51:22.297Z",
  "target": "2026-09-22",
  "total": 26,
  "items": [
    {
      "id": "290584274",
      "published_at": "2024-05-19 13:51",
      "inferred_date": "2024-05-19",
      "keep": false,
      "snippet_head": "冰冰小美2024-05-19|13:51·|来自Android置顶|危机，变局，与新生的中国|冰冰小美，于深圳欢乐海岸，|2024-5-2019著|当二十世纪最伟大的国家美国经过一百年超级繁荣，却在千禧年互联网泡沫与次贷危机引发的金融危机的"
    },
    {
      "id": "410217703",
      "published_at": "1小时前",
      "inferred_date": "2026-09-22",
      "keep": true,
      "snippet_head": "冰冰小美1小时前·|来自Android|根据时间节点，我幻想10月落地。|观察9月投机猖獗，引发人心，蠢蠢欲动。|对于行情的波动，|要不要进入投机偷鸡一把，|还是耐心等小美摔杯为号。|真是的难以抉择呀。|实际上，投机-投资，|在A股都是择时"
    },
    {
      "id": "410215494",
      "published_at": "1小时前",
      "inferred_date": "2026-09-22",
      "keep": true,
      "snippet_head": "冰冰小美1小时前·|来自Android|展开||转发||34||176||收藏"
    },
    {
      "id": "409824691",
      "published_at": "09-18 17:05",
      "inferred_date": "2026-09-18",
      "keep": false,
      "snippet_head": "冰冰小美09-18|17:05·|来自Android|专栏预演||3||55||227||收藏"
    },
    {
      "id": "409823838",
      "published_at": "09-18 16:59",
      "inferred_date": "2026-09-18",
      "keep": false,
      "snippet_head": "冰冰小美09-18|16:59·|来自Android|根据历史推演，|需要考虑重磅利好发布，|比如，双节期间，|降低印花税率，推动牛市氛围回归。|米联储加息落地，但是依旧是扩表的。并没有收缩。当前对流动性的收紧仅仅是价格上，而不是实质上。流"
    },
    {
      "id": "409823541",
      "published_at": "09-18 16:56",
      "inferred_date": "2026-09-18",
      "keep": false,
      "snippet_head": "冰冰小美09-18|16:56·|来自Android|很多人会困惑。加息为何科技涨了。|留言板有一个问的很好，|为什么2年期利率上涨，30年期利率下跌。|加息的核心变化就在于此。|长端利率展示的压制通胀的决心，|短期利率展示的加息的实质性的"
    },
    {
      "id": "409810755",
      "published_at": "09-18 15:29",
      "inferred_date": "2026-09-18",
      "keep": false,
      "snippet_head": "冰冰小美09-18|15:29·|来自Android|网页链接历史。|网页链接重演。|网页链接轮回。|@仙居杨梅最初的梦||转发||22||128||收藏"
    },
    {
      "id": "409780551",
      "published_at": "09-18 15:29",
      "inferred_date": "2026-09-18",
      "keep": false,
      "snippet_head": "冰冰小美09-18|15:29·|来自Android|网页链接历史。|网页链接重演。|网页链接轮回。|@仙居杨梅最初的梦||转发||22||128||收藏"
    },
    {
      "id": "346826562",
      "published_at": "09-18 15:29",
      "inferred_date": "2026-09-18",
      "keep": false,
      "snippet_head": "冰冰小美09-18|15:29·|来自Android|网页链接历史。|网页链接重演。|网页链接轮回。|@仙居杨梅最初的梦||转发||22||128||收藏"
    },
    {
      "id": "346754892",
      "published_at": "09-18 15:29",
      "inferred_date": "2026-09-18",
      "keep": false,
      "snippet_head": "冰冰小美09-18|15:29·|来自Android|网页链接历史。|网页链接重演。|网页链接轮回。|@仙居杨梅最初的梦||转发||22||128||收藏"
    },
    {
      "id": "409713758",
      "published_at": "09-18 06:11",
      "inferred_date": "2026-09-18",
      "keep": false,
      "snippet_head": "冰冰小美09-18|06:11·|来自Android|Market|expectations|for|a|Democrat|\"sweep\"|in|the|2026|Midterm|elections|surge|to|a|record|hi"
    },
    {
      "id": "409713707",
      "published_at": "09-18 06:06",
      "inferred_date": "2026-09-18",
      "keep": false,
      "snippet_head": "冰冰小美09-18|06:06·|来自Android|US|median|household|income|adjusted|for|inflation|rose|+$2,250|YoY|in|2025,|or|+2.6%,|to|a|re"
    },
    {
      "id": "409713683",
      "published_at": "09-18 06:05",
      "inferred_date": "2026-09-18",
      "keep": false,
      "snippet_head": "冰冰小美09-18|06:05·|来自Android|AI|firms|and|the|US|government|are|competing|for|capital:|US|Treasury|issuance|excluding|T-bi"
    },
    {
      "id": "409694120",
      "published_at": "09-17 21:56",
      "inferred_date": "2026-09-17",
      "keep": false,
      "snippet_head": "冰冰小美09-17|21:56·|来自Android|展开||转发||14||217||收藏"
    },
    {
      "id": "409575102",
      "published_at": "09-17 09:03",
      "inferred_date": "2026-09-17",
      "keep": false,
      "snippet_head": "冰冰小美09-17|09:03·|来自Android|加息25基点，落地。|一，美联储独立性得到延续。|1，核心通胀目标2%明确。为此行动。|2，认为美国经济韧性能够承载高利率。就业充分。|通胀与就业是美联储的主要职责，没有偏离独立性。|二"
    },
    {
      "id": "409055589",
      "published_at": "09-12 17:17",
      "inferred_date": "2026-09-12",
      "keep": false,
      "snippet_head": "冰冰小美09-12|17:17·|来自Android|捋一捋市场疲软，|创业板3750-3322，阴跌明显，|8-17到9-11发生了什么。|（冰冰小美建议是，如果交易能力不足，10月后参与可能更好）|昨天美发布cpi核心数据后，各大机构，"
    },
    {
      "id": "409043780",
      "published_at": "09-12 12:18",
      "inferred_date": "2026-09-12",
      "keep": false,
      "snippet_head": "冰冰小美09-12|12:18·|来自Android|转，注意防骗，不要轻信任何人。|声明，全网仅此一号。|没有任何群，没有小红书，公众号，抖音，微博，B战，推，等各种自媒体账号。|注意防骗。|刷短视频、浏览财经社区、参考博主实盘复盘，已经"
    },
    {
      "id": "407684336",
      "published_at": "09-02 09:49",
      "inferred_date": "2026-09-02",
      "keep": false,
      "snippet_head": "冰冰小美09-02|09:49·|来自Android|停更了。|如果散户能做空盈利，|还敢这么嚣张吗。||转发||55||484||收藏"
    },
    {
      "id": "407683356",
      "published_at": "09-02 09:46",
      "inferred_date": "2026-09-02",
      "keep": false,
      "snippet_head": "冰冰小美09-02|09:46·|来自Android|所以投机反而一往无前。|砸一波，贵州燃气封板。|这不是2018年熊市的投机开路先锋。|机构不是不懂，不砸通胀，跷跷板的科技谁接盘。坏的很。|昨天还诱多拉升，今天直接活埋。展开||转发"
    },
    {
      "id": "407680501",
      "published_at": "09-02 09:37",
      "inferred_date": "2026-09-02",
      "keep": false,
      "snippet_head": "冰冰小美09-02|09:37·|来自Android|请问对这种市场有何评论？|泥沙俱下，管你利好利空。|纯粹筹码博弈。|哪怕你站在宏观正确的一面，|A股也不会让盈利变得轻松。|所以，宏观大宗，期货市场才是现场。|股市终究是收割机。|烂透了"
    },
    {
      "id": "407583210",
      "published_at": "09-01 15:02",
      "inferred_date": "2026-09-01",
      "keep": false,
      "snippet_head": "冰冰小美09-01|15:02·|来自Android|盘面群魔乱舞，投机窗口，|是2023更新的内容，|目前不会更新短线帖子。|是不是可以放个假。||转发||17||282||收藏"
    },
    {
      "id": "407572659",
      "published_at": "09-01 14:10",
      "inferred_date": "2026-09-01",
      "keep": false,
      "snippet_head": "冰冰小美09-01|14:10·|来自Android|看了中际旭创的分时图，与创业板分时图一模一样。||转发||32||199||收藏"
    },
    {
      "id": "407571253",
      "published_at": "09-01 14:03",
      "inferred_date": "2026-09-01",
      "keep": false,
      "snippet_head": "冰冰小美09-01|14:03·|来自Android|盘面投机性拉满的。|听说开始炒作金字辈？||转发||28||188||收藏"
    },
    {
      "id": "407552023",
      "published_at": "09-01 11:56",
      "inferred_date": "2026-09-01",
      "keep": false,
      "snippet_head": "冰冰小美修改于09-01|11:56·|来自Android|如果交易能力不足的，这种行情少参与。|脆弱性的叠加，如果真遇到利空，|本来观望的就多，没有承接力，|很容易多杀多，形成踩踏。|这个主要说的是双创方向。|主板各种消息或者政策刺激，金"
    },
    {
      "id": "407285736",
      "published_at": "",
      "inferred_date": null,
      "keep": false,
      "snippet_head": "2026年8月月报（二）"
    },
    {
      "id": "407284331",
      "published_at": "",
      "inferred_date": null,
      "keep": false,
      "snippet_head": "2026年8月月报（一）"
    }
  ]
}
