TOTAL_LINES=29317
PUA_LINES=[9958,10052]
MOJI_LINES=[9958,10048,10052,10129,10790]
--- my new block range: 29298-end (after 29296+2 header lines) ---
29291: - 技能调用边界：本次未写 `tools/a-share-market-dashboard/data/Risk/`、未更
29292: - Excel 写入状态：`no_risk`（完整分析后无可写入节点，未修改工作簿）。
29293: - 新增文件：日期目录下 7 篇原帖、`summary.md`、`state.json`、`task.log`，以及 `
29294: - 修改文件：`log.md`。
29295: - 结论边界：`summary.md` 的"解析今天文章的观点"章节基于当日原文，方向偏好（偏向投资、回避投机）不等于买
29296: - 验证：7 篇原帖通过私用区字符、孤立计数行、空正文、头部字段齐全四项检查；`risk-analysis.json` 
29297: - 后续待办：无（09-18 空目录待办已闭环）。
29298: 
29299: 
29300: ## 2026-09-22
29301: 
29302: ### ingest / BBXM 每日汇总（冰冰小美）2026-09-22 当日帖子整理
29303: 
29304: - 操作：执行 BBXM 每日汇总任务对 2026-09-22 当日帖子的抓取、保存、清洗、风险分析与汇总（16:00 
29305: - 输出目录：`sources/automations/BBXM每日汇总/2026/09/2026-09-22/`。
29306: - 抓取结果：保存原帖 3 篇——16:27 图片帖（410215494）、16:44 观点帖（410217703）、1
29307: - 抓取缺陷修复：17:34 首次重跑 0 候选，诊断为冷启动渲染竞态——冷启动 Chrome 的 readyState
29308: - 正文清洗：图片帖正文位置写入事实性说明（图片内容无法提取，观点由作者评论承载）；16:44 帖按既定规则重排为 9 
29309: - 风险分析：已按 `.agents/skills/bbxm-risk-identification/` 的五步识别路径
29310: - 技能调用边界：本次未写 `tools/a-share-market-dashboard/data/Risk/`、未更
29311: - Excel 写入状态：`no_risk`（完整分析后无可写入节点，未修改工作簿）。
29312: - 新增文件：日期目录下 3 篇原帖、`summary.md`、`state.json`、`task.log`，以及 `
29313: - 修改文件：`log.md`（含上文 16:00 轮 audit 条目勘误）、`.agents/skills/cjw-
29314: - 结论边界：`summary.md` 的“解析今天文章的观点”章节基于当日原文，知识库框架印证（投机产业链根源、冰点摔
29315: - 验证：3 篇原帖头部字段齐全（标题／内容ID／发布时间／原始链接／标签／正文）；`risk-analysis.jso
29316: - 后续待办：无。16:27 图片帖正文为图片无法提取，已列入待验证边界。
29317: 
