2026-08-24 10:16:28,035 [INFO] 开始处理已提取帖子 input_file=sources\automations\BBXM每日汇总\2026-08-24\冰冰小美\processing\extracted-posts.json author=冰冰小美 target_date=2026-08-24
2026-08-24 10:16:28,037 [INFO] 保存成功: E:\caojingwen\obsidian\llmwiki\sources\automations\BBXM每日汇总\20260824\冰冰小美\100600_银行_煤炭_黄金拉升_量化因子读到了吗_不分青红皂白_反向全砸_人家_南方铜业_8_我们这边高开_40627943.md
2026-08-24 10:16:28,039 [INFO] 保存成功: E:\caojingwen\obsidian\llmwiki\sources\automations\BBXM每日汇总\20260824\冰冰小美\095800_请问你对这种市场有啥看法_量化割韭菜_都没反应过来_崩了_-_雪球_40627623.md
2026-08-24 10:16:28,040 [INFO] 跳过非目标日期内容: 帖子不属于目标日期: 2026-08-21
2026-08-24 10:16:28,040 [INFO] 跳过非目标日期内容: 帖子不属于目标日期: 2026-08-21
2026-08-24 10:16:28,040 [INFO] 跳过非目标日期内容: 帖子不属于目标日期: 2026-08-19
2026-08-24 10:16:28,040 [INFO] 跳过非目标日期内容: 帖子不属于目标日期: 2026-08-21
2026-08-24 10:16:28,040 [INFO] 跳过非目标日期内容: 帖子不属于目标日期: 2026-08-21
2026-08-24 10:16:28,040 [INFO] 跳过非目标日期内容: 帖子不属于目标日期: 2026-08-21
2026-08-24 10:16:28,040 [INFO] 跳过非目标日期内容: 帖子不属于目标日期: 2026-08-21
2026-08-24 10:16:28,041 [INFO] 跳过非目标日期内容: 帖子不属于目标日期: 2026-08-21
2026-08-24 10:16:28,041 [INFO] 跳过非目标日期内容: 帖子不属于目标日期: 2026-08-21
2026-08-24 10:16:28,041 [INFO] 跳过非目标日期内容: 帖子不属于目标日期: 2026-08-21
2026-08-24 10:16:28,041 [INFO] 跳过非目标日期内容: 帖子不属于目标日期: 2026-08-21
2026-08-24 10:16:28,041 [INFO] 跳过非目标日期内容: 帖子不属于目标日期: 2026-08-21
2026-08-24 10:16:28,041 [INFO] 跳过非目标日期内容: 帖子不属于目标日期: 2026-08-19
2026-08-24 10:16:28,041 [INFO] 跳过非目标日期内容: 帖子不属于目标日期: 2026-08-19
2026-08-24 10:16:28,041 [INFO] 跳过非目标日期内容: 帖子不属于目标日期: 2026-08-19
2026-08-24 10:16:28,041 [INFO] 跳过非目标日期内容: 帖子不属于目标日期: 2026-08-19
2026-08-24 10:16:28,042 [INFO] 跳过非目标日期内容: 帖子不属于目标日期: 2026-08-19
2026-08-24 10:19:03 [INFO] 自动化目录合并完成: 20260824/冰冰小美 -> 2026-08-24/冰冰小美，已修正 state.json 路径
2026-08-24 10:19:03 [INFO] 标签补齐完成: 2 篇原帖均写入 标签：市场，交易
2026-08-24 10:19:03 [INFO] 风险分析完成: saved=2 analyzed=2 unresolved=0 qualified=2 distribution=R1x2
2026-08-24 10:19:03 [INFO] Excel 更新完成: status=written count=2
2026-08-24 10:19:03 [INFO] summary.md 已生成，包含 总观点、解析今天文章的观点、当日内容汇总、风险提示判定

--- 同日重跑临时目录日志 2026-08-24 16:20:35 ---
2026-08-24 16:15:50,263 [INFO] 开始处理已提取帖子 input_file=sources\automations\BBXM每日汇总\2026-08-24\冰冰小美\processing\extracted-posts-rerun-20260824.json author=冰冰小美 target_date=2026-08-24
2026-08-24 16:15:50,266 [INFO] 保存成功: E:\caojingwen\obsidian\llmwiki\sources\automations\BBXM每日汇总\20260824\冰冰小美\160300_收盘总结_蓝色_我画的蓝色_对应指的那根放量十字星_救市声音博弈出来的_十字星最低3373_开3_40635303.md
2026-08-24 16:15:50,271 [INFO] 保存成功: E:\caojingwen\obsidian\llmwiki\sources\automations\BBXM每日汇总\20260824\冰冰小美\152900_我个人的能力不足之处_也是留言问的比较多的_即_行业分析_很多行业我是门外汉_由_申万宏源_研究_40634947.md
2026-08-24 16:15:50,274 [INFO] 保存成功: E:\caojingwen\obsidian\llmwiki\sources\automations\BBXM每日汇总\20260824\冰冰小美\145800_从了留言_几乎40_都是宏观相关_-_雪球_40634332.md
2026-08-24 16:15:50,278 [INFO] 保存成功: E:\caojingwen\obsidian\llmwiki\sources\automations\BBXM每日汇总\20260824\冰冰小美\143600_调查贴_你们想我更新什么内容_-_雪球_40633887.md
2026-08-24 16:15:50,282 [INFO] 保存成功: E:\caojingwen\obsidian\llmwiki\sources\automations\BBXM每日汇总\20260824\冰冰小美\143400_现在这行情_更新也没意义_食之无味_弃之可惜_-_雪球_40633841.md
2026-08-24 16:15:50,286 [INFO] 保存成功: E:\caojingwen\obsidian\llmwiki\sources\automations\BBXM每日汇总\20260824\冰冰小美\142200_指数回暖_情绪转折_大有能源_封板_还是传统短线老套路_目前锚定_通胀线好讲故事_-_雪球_40633615.md
2026-08-24 16:15:50,291 [INFO] 保存成功: E:\caojingwen\obsidian\llmwiki\sources\automations\BBXM每日汇总\20260824\冰冰小美\141800_14_00_中际旭创_反弹点_中国石油_砸盘绿色_明显的量化因子对冲_中际旭创与_创业板_绑定__40633525.md
2026-08-24 16:15:50,296 [INFO] 保存成功: E:\caojingwen\obsidian\llmwiki\sources\automations\BBXM每日汇总\20260824\冰冰小美\140700_怕被举报_比特币截图贴我自己删除呀_-_雪球_40633296.md
2026-08-24 16:15:50,301 [INFO] 保存成功: E:\caojingwen\obsidian\llmwiki\sources\automations\BBXM每日汇总\20260824\冰冰小美\132400_上周三与本周一_砸成这样_有人担责任吗_有人会通知你吗_没有的_资本市场盈亏自负_只能自己保护自_40632324.md
2026-08-24 16:15:50,307 [INFO] 保存成功: E:\caojingwen\obsidian\llmwiki\sources\automations\BBXM每日汇总\20260824\冰冰小美\115900_文章_截图_宏观_微观_并不是让你抄作业的_是给你一个窗口_去思考金融全球化的影响_以便于更好的_40631194.md
2026-08-24 16:15:50,313 [INFO] 保存成功: E:\caojingwen\obsidian\llmwiki\sources\automations\BBXM每日汇总\20260824\冰冰小美\114500_其实已转向_-_雪球_40630933.md
2026-08-24 16:15:50,318 [INFO] 保存成功: E:\caojingwen\obsidian\llmwiki\sources\automations\BBXM每日汇总\20260824\冰冰小美\113600_网页链接你应该量力而行_如果你看我交易觉得你也行_大错特错_事实上市场很无情的_-_雪球_40630749.md
2026-08-24 16:15:50,320 [INFO] 跳过非目标日期内容: 帖子不属于目标日期: 2026-08-19
2026-08-24 16:15:50,326 [INFO] 保存成功: E:\caojingwen\obsidian\llmwiki\sources\automations\BBXM每日汇总\20260824\冰冰小美\111700_我个人通胀线_截过图_高抛低吸频繁做T_以应对缩量行情下_存量博弈_量化反复_市场反人性的走势__40630297.md
2026-08-24 16:15:50,332 [INFO] 保存成功: E:\caojingwen\obsidian\llmwiki\sources\automations\BBXM每日汇总\20260824\冰冰小美\111500_B浪_37503469_嘴炮国家队救市_围绕投机资金偷鸡了二次事不过三_今天跌破3469_走势破_40630220.md
2026-08-24 16:15:50,339 [INFO] 保存成功: E:\caojingwen\obsidian\llmwiki\sources\automations\BBXM每日汇总\20260824\冰冰小美\110500_雪球-聪明的投资者都在这里_40629932.md
2026-08-24 16:15:50,347 [INFO] 保存成功: E:\caojingwen\obsidian\llmwiki\sources\automations\BBXM每日汇总\20260824\冰冰小美\110300_农业_公用事业_贵金属_都是抗通胀逻辑_按这个通胀抬头这个逻辑做短线是有理有据的_不过这类企业长_40629841.md
2026-08-24 16:15:50,356 [INFO] 保存成功: E:\caojingwen\obsidian\llmwiki\sources\automations\BBXM每日汇总\20260824\冰冰小美\105100_行情变差_工业国就变成农业国_-_雪球_40629453.md
2026-08-24 16:15:50,365 [INFO] 保存成功: E:\caojingwen\obsidian\llmwiki\sources\automations\BBXM每日汇总\20260824\冰冰小美\104300_市场很脆弱_农业又起_更加恐慌_-_雪球_40629199.md
2026-08-24 16:15:50,373 [INFO] 保存成功: E:\caojingwen\obsidian\llmwiki\sources\automations\BBXM每日汇总\20260824\冰冰小美\100600_银行_煤炭_黄金拉升_量化因子读到了吗_不分青红皂白_反向全砸_人家_南方铜业_8_我们这边高开_40627943.md
2026-08-24 16:15:50,379 [INFO] 保存成功: E:\caojingwen\obsidian\llmwiki\sources\automations\BBXM每日汇总\20260824\冰冰小美\095800_请问你对这种市场有啥看法_量化割韭菜_都没反应过来_崩了_-_雪球_40627623.md
