# 冰冰小美每日汇总任务日志

- 任务：BBXM 每日汇总（冰冰小美）
- 目标日期：2026-09-30
- 运行时间：2026-09-30 16:00–16:07（北京时间）
- 工作目录：E:\caojingwen\obsidian\llmwiki
- 输出目录：sources/automations/BBXM每日汇总/2026/09/2026-09-30
- 主提示词：.agents/automations/bbxm_daliy_brief.md
- 账号配置：.agents/skills/cjw-xueqiu-daily-monitor/EXTEND.md（仅取「冰冰小美」https://xueqiu.com/u/7143769715，未追加其他作者或平台）
- 抓取目标日期规则：运行当天（2026-09-30），未采用通用技能凌晨回溯规则
- 上游：当日已保存原帖集合（未另跑 information-processing）

## 1. 抓取结果

- 提取脚本：.agents/skills/cjw-xueqiu-daily-monitor/scripts/extract_xueqiu_posts.mjs
- 提取参数：--account-url https://xueqiu.com/u/7143769715 --date 2026-09-30 --author-name 冰冰小美 --comment-scope author-only --request-pacing auto --profile-dir <项目专用 profile>
- 运行过程：
  1. 首轮：CDP 9333 不可用，脚本内置路径启动 Chrome（CHROME_PATH=Chrome Canary），进程退出时报「Timed out waiting for document.readyState」，未产出 JSON（冷启动竞态，已知失败模式）。
  2. 第二轮（原样重跑）：正常退出，输出 processing/extract.json = `[]`，candidates=0，requestPacing=auto，riskLevel=normal。
- 原帖保存数：0
- summary.md：未生成（当日无已保存帖内容）
- 操作.md：未生成（无买卖信号）

## 2. 完整性核验（关键）

| 核验 | 证据文件 | 结果 |
|---|---|---|
| 主页 DOM 时间线 | processing/verify-homepage.json | 时间线共 25 条锚点（含置顶与旧帖）；非置顶最新三条为 2026-09-28 11:10 / 10:44 / 10:37；未出现 2026-09-29、2026-09-30 条目 |
| 页面登录态 | processing/verify-login.json、processing/verify-nav.json、processing/verify-cookies.json、processing/verify-login-probe.json | 主页/用户页导航均为「首页 下载App 登录」，无用户菜单；服务端按未登录渲染（`window.SNOWMAN.user` 为空） |
| 时间线 JSON 接口 | processing/verify-timeline-api.json | 两个接口均返回阿里云 WAF 挑战页（`_waf_*` renderData），无法用接口交叉核验完整性 |
| 验证码/滑块 | processing/verify-login.json、verify-homepage.json | 未发现安全验证、滑块、验证码标记（`hasVerify=false`） |

结论：公开主页时间线可读，且与「当日无发帖」一致；但**专用浏览器 profile 登录态失效**（导航显示登录入口、服务端按匿名处理），抓取完整性无法出具证明。

## 3. 处理判定

- 按主提示词第二节第 4 条：空结果需同时满足「完整抓取确认 0 原帖」且「不存在登录、滑块验证、页面异常、内容提取失败、Excel pending 或其他阻断项」。
- 本次存在**登录态失效**这一阻断项 → **不判定为空结果**，保留日期目录与全部证据文件，不做目录清理。
- 同时不存在任何 2026-09-30 已保存帖子，无可识别风险对象 → 未加载/未调用 bbxm-risk-identification，未写 tools/a-share-market-dashboard/data/Risk/，未生成 HTML。

## 4. 风险分析与 Excel 写入

- analysis file：processing/risk-analysis.json
- analysis_complete：false（理由见 coverage.unresolved_reasons 与 blocking.detail）
- skill_call.invoked：false（无可用对象 + 抓取完整性未确认）
- coverage：saved 0 / analyzed 0 / unresolved 0
- qualified：[]；not_written：[]
- 更新器：tools/bbxm-risk-dashboard/scripts/upsert_automated_risk.py
- 写入状态：**blocked**（message：analysis_complete=false，禁止更新 Excel）
- 工作簿是否被修改：否（未新增、未删除、未覆盖任何行）
- 当日自动风险提示次数：0；等级分布：R1×0，R2×0，R3×0，W1×0，W2×0，W3×0

## 5. 失败边界与人工跟进

1. **【必须人工处理】专用 Chrome profile 登录态失效**：`.agents/skills/cjw-xueqiu-daily-monitor/scripts/.xueqiu-chrome-profile` 加载后雪球按未登录渲染。需人工在该 profile 中重新登录雪球后，再对 2026-09-30 执行同日重跑（增量补抓），以确认当日是否真的无发帖。本任务未尝试绕过登录或安全限制，未复制登录凭据，未修改系统配置。
2. **接口复核受限**：时间线 JSON 接口被阿里云 WAF 拦截，无法用接口做第二来源完整性核验；人工重登后可重试。
3. **环境异常记录**：脚本内置路径启动 Chrome 时，首轮出现 `Timed out waiting for document.readyState`（冷启动竞态，与原样重跑即成功的历史经验一致）；另 `CdpConnection.connect(wsUrl)` 不显式传超时会因 `setTimeout(fn, undefined)` 立即超时，核验脚本中已显式传 30000ms。
4. **历史遗留（非本轮引入）**：`tools/bbxm-risk-dashboard/data/~$冰冰小美风险提示.xlsx` 陈旧锁文件（Jul 14）仍在，待人工确认是否清理；本轮为 blocked 未涉及写入。
5. 未生成 `summary.md`、`state.json`、`操作.md`；不将本次 0 原帖报告为「已确认无新帖」。

## 6. 未解决项计数

- 未解决：1（登录态失效导致的抓取完整性无法确认）
