2026-07-27 09:48:18,950 [INFO] 跳过非目标日期内容: 帖子不属于目标日期: 2026-07-25
2026-07-27 09:48:18,951 [INFO] 跳过非目标日期内容: 帖子不属于目标日期: 2026-07-25
2026-07-27 09:48:18,952 [INFO] 跳过非目标日期内容: 帖子不属于目标日期: 2026-07-25
2026-07-27 09:48:18,952 [INFO] 跳过非目标日期内容: 帖子不属于目标日期: 2026-07-25
2026-07-27 09:48:18,952 [INFO] 跳过非目标日期内容: 帖子不属于目标日期: 2026-07-25
2026-07-27 09:48:18,952 [INFO] 跳过非目标日期内容: 帖子不属于目标日期: 2026-07-22
2026-07-27 09:48:18,952 [INFO] 跳过非目标日期内容: 帖子不属于目标日期: 2026-07-21
2026-07-27 09:48:18,953 [INFO] 跳过非目标日期内容: 帖子不属于目标日期: 2026-07-21
2026-07-27 09:48:18,953 [INFO] 跳过非目标日期内容: 帖子不属于目标日期: 2026-07-21
2026-07-27 09:48:18,953 [INFO] 跳过非目标日期内容: 帖子不属于目标日期: 2026-07-21
2026-07-27 09:48:18,953 [INFO] 跳过非目标日期内容: 帖子不属于目标日期: 2026-07-21
2026-07-27 09:48:18,953 [INFO] 跳过非目标日期内容: 帖子不属于目标日期: 2026-07-21
2026-07-27 09:48:18,954 [INFO] 跳过非目标日期内容: 帖子不属于目标日期: 2026-07-21
2026-07-27 09:48:18,954 [INFO] 跳过非目标日期内容: 帖子不属于目标日期: 2026-07-21
2026-07-27 09:48:18,954 [INFO] 跳过非目标日期内容: 帖子不属于目标日期: 2026-07-21
2026-07-27 09:48:18,954 [INFO] 跳过非目标日期内容: 帖子不属于目标日期: 2026-07-21
2026-07-27 09:48:18,954 [INFO] 跳过非目标日期内容: 帖子不属于目标日期: 2026-07-21
2026-07-27 09:48:18,954 [INFO] 跳过非目标日期内容: 帖子不属于目标日期: 2026-07-21
2026-07-27 09:48:18,954 [WARNING] 没有新的目标日期帖子需要保存。

2026-07-27 09:49:46 [INFO] BBXM每日汇总：提取 18 条可见详情记录，目标日期 2026-07-27 保存 0 条。
2026-07-27 09:49:46 [INFO] BBXM每日汇总：生成 processing/risk-analysis.json，analysis_complete=true，saved=0，analyzed=0，unresolved=0。
2026-07-27 09:49:46 [INFO] BBXM每日汇总：Excel 更新器返回 no_risk，未修改风险提示工作簿。
2026-07-27 09:49:46 [INFO] BBXM每日汇总：生成 summary.md；逐帖解读 0 个，缺失解读 0 个。
2026-07-27 09:54:51 [INFO] 用户批注要求非目标日期帖子按发布时间保存到对应目录；已回填 2026-07-25 原帖 5 条、2026-07-22 原帖 1 条；2026-07-21 的 12 条均为官方目录已有内容，未重复保存。
