2026-08-31 10:33:54,172 [INFO] 跳过非目标日期内容: 帖子不属于目标日期: 2026-08-26
2026-08-31 10:33:54,172 [INFO] 跳过非目标日期内容: 帖子不属于目标日期: 2026-08-26
2026-08-31 10:33:54,172 [INFO] 跳过非目标日期内容: 帖子不属于目标日期: 2026-08-26
2026-08-31 10:33:54,172 [INFO] 跳过非目标日期内容: 帖子不属于目标日期: 2026-08-26
2026-08-31 10:33:54,173 [INFO] 跳过非目标日期内容: 帖子不属于目标日期: 2026-08-26
2026-08-31 10:33:54,173 [INFO] 跳过非目标日期内容: 帖子不属于目标日期: 2026-08-26
2026-08-31 10:33:54,173 [INFO] 跳过非目标日期内容: 帖子不属于目标日期: 2026-08-26
2026-08-31 10:33:54,174 [INFO] 跳过非目标日期内容: 帖子不属于目标日期: 2026-08-26
2026-08-31 10:33:54,176 [INFO] 跳过非目标日期内容: 帖子不属于目标日期: 2026-08-26
2026-08-31 10:33:54,176 [INFO] 跳过非目标日期内容: 帖子不属于目标日期: 2026-08-26
2026-08-31 10:33:54,176 [INFO] 跳过非目标日期内容: 帖子不属于目标日期: 2026-08-26
2026-08-31 10:33:54,176 [INFO] 跳过非目标日期内容: 帖子不属于目标日期: 2026-08-26
2026-08-31 10:33:54,176 [INFO] 跳过非目标日期内容: 帖子不属于目标日期: 2026-08-25
2026-08-31 10:33:54,176 [INFO] 跳过非目标日期内容: 帖子不属于目标日期: 2026-08-24
2026-08-31 10:33:54,177 [INFO] 跳过非目标日期内容: 帖子不属于目标日期: 2026-08-24
2026-08-31 10:33:54,177 [INFO] 跳过非目标日期内容: 帖子不属于目标日期: 2026-08-24
2026-08-31 10:33:54,177 [INFO] 跳过非目标日期内容: 帖子不属于目标日期: 2026-08-24
2026-08-31 10:33:54,177 [INFO] 跳过非目标日期内容: 帖子不属于目标日期: 2026-08-24
2026-08-31 10:33:54,177 [WARNING] 没有新的目标日期帖子需要保存。

2026-08-31 10:37:16 +08:00 [INFO] BBXM每日汇总完成：目标日期 2026-08-31；可见详情 18 条；目标日期原帖 0 条；非目标日期 18 条；summary.md、risk-analysis.json 和 risk-write-status.json 已写入指定日期目录。

2026-08-31 16:09:00,993 [INFO] 开始处理已提取帖子 input_file=sources\automations\BBXM每日汇总\2026\08\2026-08-31\processing\extracted-posts-rerun-20260831-1603.json author=冰冰小美 target_date=2026-08-31
2026-08-31 16:09:00,997 [INFO] 保存成功: E:\caojingwen\obsidian\llmwiki\sources\automations\BBXM每日汇总\2026\08\20260831\冰冰小美\153200_MSCI调仓机制MSCI每年对其所有指数进行4次例行调整_8-31是最近一次_具体可以问AI_小_40742346.md
2026-08-31 16:09:01,006 [INFO] 保存成功: E:\caojingwen\obsidian\llmwiki\sources\automations\BBXM每日汇总\2026\08\20260831\冰冰小美\153500_说几点政策性影响节点的事_1_西部矿业_西藏税费调整_7_-10_自然资源部最高税费就是10_那_40742288.md
2026-08-31 16:09:01,009 [INFO] 保存成功: E:\caojingwen\obsidian\llmwiki\sources\automations\BBXM每日汇总\2026\08\20260831\冰冰小美\150100_尾盘有季度性_指数权重调整_因此竞价异动_-_雪球_40741535.md
2026-08-31 16:09:01,012 [INFO] 保存成功: E:\caojingwen\obsidian\llmwiki\sources\automations\BBXM每日汇总\2026\08\20260831\冰冰小美\144400_宏观决定仓位_策略_方向_通胀体系三要素决定交易窗口与节点_做T爽心悦目_游刃有余的背后_几十篇_40741163.md
2026-08-31 16:09:01,017 [INFO] 保存成功: E:\caojingwen\obsidian\llmwiki\sources\automations\BBXM每日汇总\2026\08\20260831\冰冰小美\142800_手握星辰摘日月_阴极阳生动乾坤_通胀趋势线_-_雪球_40740785.md
2026-08-31 16:09:01,020 [INFO] 保存成功: E:\caojingwen\obsidian\llmwiki\sources\automations\BBXM每日汇总\2026\08\20260831\冰冰小美\105200_如果买成长股_我还是建议10月后再看吧_等中米会谈落地_如果谈不好_反手制裁代工厂科技股_那时候_40736957.md
2026-08-31 16:09:01,024 [INFO] 保存成功: E:\caojingwen\obsidian\llmwiki\sources\automations\BBXM每日汇总\2026\08\20260831\冰冰小美\103200_不知道说啥好_如果交易能力休息也是不错的选择_最近_农林渔牧轮动涨_石油石化煤炭天然气通胀趋势性_40736312.md
2026-08-31 16:09:01,025 [INFO] 跳过非目标日期内容: 帖子不属于目标日期: 2026-08-26
2026-08-31 16:09:01,025 [INFO] 跳过非目标日期内容: 帖子不属于目标日期: 2026-08-26
2026-08-31 16:09:01,025 [INFO] 跳过非目标日期内容: 帖子不属于目标日期: 2026-08-26
2026-08-31 16:09:01,025 [INFO] 跳过非目标日期内容: 帖子不属于目标日期: 2026-08-26
2026-08-31 16:09:01,025 [INFO] 跳过非目标日期内容: 帖子不属于目标日期: 2026-08-26
2026-08-31 16:09:01,026 [INFO] 跳过非目标日期内容: 帖子不属于目标日期: 2026-08-26
2026-08-31 16:09:01,026 [INFO] 跳过非目标日期内容: 帖子不属于目标日期: 2026-08-26
2026-08-31 16:09:01,026 [INFO] 跳过非目标日期内容: 帖子不属于目标日期: 2026-08-26
2026-08-31 16:09:01,026 [INFO] 跳过非目标日期内容: 帖子不属于目标日期: 2026-08-26
2026-08-31 16:09:01,026 [INFO] 跳过非目标日期内容: 帖子不属于目标日期: 2026-08-26
2026-08-31 16:09:01,026 [INFO] 跳过非目标日期内容: 帖子不属于目标日期: 2026-08-26

2026-08-31 16:17:31 +08:00 [INFO] BBXM每日汇总同日重跑完成：目标日期 2026-08-31；可见详情 18 条；目标日期原帖 7 条；非目标日期 11 条；summary.md、risk-analysis.json 和 risk-write-status.json 已更新；Excel 写入状态 written，自动风险提示 4 条。
