2026-07-30 16:24:02,141 [INFO] 开始处理已提取帖子 input_file=sources\automations\BBXM每日汇总\2026-07-30\冰冰小美\processing\extracted-posts.json author=冰冰小美 target_date=2026-07-30
2026-07-30 16:24:02,151 [INFO] 保存成功: E:\caojingwen\obsidian\llmwiki\sources\automations\BBXM每日汇总\2026-07-30\冰冰小美\152900_回顾本月上涨的个股或者方向_没人要的_柳工_比亚迪_西部矿业_月线都是大涨_均衡配置的话_可以对_40289941.md
2026-07-30 16:24:02,156 [INFO] 保存成功: E:\caojingwen\obsidian\llmwiki\sources\automations\BBXM每日汇总\2026-07-30\冰冰小美\150000_周末尽量写好月报_8月要去云南旅游一周_没发帖就是去了_-_雪球_40289026.md
2026-07-30 16:24:02,160 [INFO] 保存成功: E:\caojingwen\obsidian\llmwiki\sources\automations\BBXM每日汇总\2026-07-30\冰冰小美\145200_画图与技术面提一句_是观察市场波动变化_但是如果从宏观看_没啥变化_因此底背离可以跳空放量低开低_40288796.md
2026-07-30 16:24:02,164 [INFO] 保存成功: E:\caojingwen\obsidian\llmwiki\sources\automations\BBXM每日汇总\2026-07-30\冰冰小美\141000_这里就是十字路口的感觉_创业板_60分钟macd底背离技术面反弹_主板很明显稳定力量存在_-_雪_40287411.md
2026-07-30 16:24:02,171 [INFO] 保存成功: E:\caojingwen\obsidian\llmwiki\sources\automations\BBXM每日汇总\2026-07-30\冰冰小美\140400_原来是_德明利_总熊头封板带动_创业板_好吧_花小钱办大事_不过盘面看_是银行拉冒烟了_-_雪球_40287211.md
2026-07-30 16:24:02,214 [INFO] 保存成功: E:\caojingwen\obsidian\llmwiki\sources\automations\BBXM每日汇总\2026-07-30\冰冰小美\135100_没啥看法_依旧是股息与对冲避险_-_雪球_40286799.md
2026-07-30 16:24:02,224 [INFO] 保存成功: E:\caojingwen\obsidian\llmwiki\sources\automations\BBXM每日汇总\2026-07-30\冰冰小美\111000_聊天贴_你们觉得月报如何写_我头都大了_-_雪球_40282235.md
2026-07-30 16:24:02,231 [INFO] 保存成功: E:\caojingwen\obsidian\llmwiki\sources\automations\BBXM每日汇总\2026-07-30\冰冰小美\110800_尽我所知_陆续发帖_说明白这个月发生了什么_但是最终改变不了结局_乌鸦嘴的那一句_月线_一阴吞三_40282136.md
2026-07-30 16:24:02,237 [INFO] 保存成功: E:\caojingwen\obsidian\llmwiki\sources\automations\BBXM每日汇总\2026-07-30\冰冰小美\105800_这个月观察月_观察二字简单_但是能够忍住不交易_能够合理的控制仓位_尊重市场_战胜自己的欲望_则_40281722.md
2026-07-30 16:24:02,242 [INFO] 保存成功: E:\caojingwen\obsidian\llmwiki\sources\automations\BBXM每日汇总\2026-07-30\冰冰小美\104600_创业板_年线翻绿_一切如梦幻泡影_市场的异常_K型分化_非理性繁荣到非理性下跌_一个月_推到重来_40281149.md
2026-07-30 16:24:02,248 [INFO] 保存成功: E:\caojingwen\obsidian\llmwiki\sources\automations\BBXM每日汇总\2026-07-30\冰冰小美\083800_从交易层面看_AI推动的K型分化基本告一段落_但是市场并没有形成_新登老登一起涨的局面_而是百花_40276668.md
2026-07-30 16:24:02,255 [INFO] 保存成功: E:\caojingwen\obsidian\llmwiki\sources\automations\BBXM每日汇总\2026-07-30\冰冰小美\082700_米联储的表态能够得到什么信息_具体各大网站都有原文_请自行查询_在我看来_就一个字_拖_时间并不_40276533.md
2026-07-30 16:24:02,260 [INFO] 保存成功: E:\caojingwen\obsidian\llmwiki\sources\automations\BBXM每日汇总\2026-07-30\冰冰小美\073300_宏观变化是复杂的_股市受制于其影响_但是股市变化无非涨跌_影响涨跌的因素也非常复杂_宏观只是其中_40276079.md
2026-07-30 16:24:02,269 [INFO] 保存成功: E:\caojingwen\obsidian\llmwiki\sources\automations\BBXM每日汇总\2026-07-30\冰冰小美\070600_关于所谓_产能过剩_问题的中方立场_2026年7月_中华人民共和国商务部目录前言一_全面客观看待_40275933.md
2026-07-30 16:24:02,276 [INFO] 保存成功: E:\caojingwen\obsidian\llmwiki\sources\automations\BBXM每日汇总\2026-07-30\冰冰小美\064900_网页链接John_H_Cochrane_个人网站_芝加哥经济学派重要人物_书籍_Asset_Pr_40275860.md
2026-07-30 16:24:02,278 [INFO] 跳过非目标日期内容: 帖子不属于目标日期: 2026-07-25
2026-07-30 16:24:02,278 [INFO] 跳过非目标日期内容: 帖子不属于目标日期: 2026-07-25
2026-07-30 16:24:02,278 [INFO] 跳过非目标日期内容: 帖子不属于目标日期: 2026-07-25
2026-07-30 16:24:39,774 [INFO] 开始处理已提取帖子 input_file=sources\automations\BBXM每日汇总\2026-07-30\冰冰小美\processing\extracted-posts-first7.json author=冰冰小美 target_date=2026-07-30
2026-07-30 16:24:39,807 [INFO] 保存成功: E:\caojingwen\obsidian\llmwiki\sources\automations\BBXM每日汇总\2026-07-30\冰冰小美\162100_提个股不是推荐_是市场行为的观察_-_雪球_40291067.md
2026-07-30 16:24:39,813 [INFO] 跳过重复帖子: https://xueqiu.com/7143769715/402899415
2026-07-30 16:24:39,819 [INFO] 跳过重复帖子: https://xueqiu.com/7143769715/402890264
2026-07-30 16:24:39,824 [INFO] 跳过重复帖子: https://xueqiu.com/7143769715/402887963
2026-07-30 16:24:39,829 [INFO] 跳过重复帖子: https://xueqiu.com/7143769715/402874115
2026-07-30 16:24:39,889 [INFO] 跳过重复帖子: https://xueqiu.com/7143769715/402872116


