2026-09-14 16:17:36,440 [INFO] 跳过非目标日期内容: 帖子不属于目标日期: 2024-05-19
2026-09-14 16:17:36,441 [INFO] 跳过非目标日期内容: 帖子不属于目标日期: 2026-09-12
2026-09-14 16:17:36,441 [INFO] 跳过非目标日期内容: 帖子不属于目标日期: 2026-09-12
2026-09-14 16:17:36,441 [INFO] 跳过非目标日期内容: 帖子不属于目标日期: 2026-09-02
2026-09-14 16:17:36,441 [INFO] 跳过非目标日期内容: 帖子不属于目标日期: 2026-09-02
2026-09-14 16:17:36,441 [INFO] 跳过非目标日期内容: 帖子不属于目标日期: 2026-09-02
2026-09-14 16:17:36,442 [INFO] 跳过非目标日期内容: 帖子不属于目标日期: 2026-09-01
2026-09-14 16:17:36,442 [INFO] 跳过非目标日期内容: 帖子不属于目标日期: 2026-09-01
2026-09-14 16:17:36,442 [INFO] 跳过非目标日期内容: 帖子不属于目标日期: 2026-09-01
2026-09-14 16:17:36,442 [INFO] 跳过非目标日期内容: 帖子不属于目标日期: 2026-09-01
2026-09-14 16:17:36,443 [INFO] 跳过非目标日期内容: 帖子不属于目标日期: 2026-09-01
2026-09-14 16:17:36,443 [INFO] 跳过非目标日期内容: 帖子不属于目标日期: 2026-09-01
2026-09-14 16:17:36,443 [INFO] 跳过非目标日期内容: 帖子不属于目标日期: 2026-09-01
2026-09-14 16:17:36,443 [INFO] 跳过非目标日期内容: 帖子不属于目标日期: 2026-08-31
2026-09-14 16:17:36,443 [INFO] 跳过非目标日期内容: 帖子不属于目标日期: 2026-08-31
2026-09-14 16:17:36,443 [INFO] 跳过非目标日期内容: 帖子不属于目标日期: 2026-08-31
2026-09-14 16:17:36,444 [INFO] 跳过非目标日期内容: 帖子不属于目标日期: 2026-08-31
2026-09-14 16:17:36,444 [INFO] 跳过非目标日期内容: 帖子不属于目标日期: 2026-08-31
2026-09-14 16:17:36,444 [INFO] 跳过非目标日期内容: 帖子不属于目标日期: 2026-08-31
2026-09-14 16:17:36,444 [INFO] 跳过非目标日期内容: 帖子不属于目标日期: 2026-08-31
2026-09-14 16:17:36,444 [INFO] 跳过非目标日期内容: 帖子不属于目标日期: 2026-08-30
2026-09-14 16:17:36,444 [INFO] 跳过非目标日期内容: 帖子不属于目标日期: 2026-08-30
2026-09-14 16:17:36,445 [INFO] 跳过非目标日期内容: 帖子不属于目标日期: 2026-08-01
2026-09-14 16:17:36,445 [WARNING] 没有新的目标日期帖子需要保存。
2026-09-14 16:18:37 [INFO] 已按正式目录 sources/automations/BBXM每日汇总/2026/09/2026-09-14 合并 task.log，临时 sources/automations/BBXM每日汇总/20260914 已清理。
2026-09-14 16:18:37 [INFO] 本轮 all-visible 抓取候选 23 条，启用 high-risk auto pacing；目标日期 2026-09-14 原帖 0 条。
2026-09-14 16:18:37 [INFO] 可见详情日期分布：2024-05-19 x1、2026-08-01 x1、2026-08-30 x2、2026-08-31 x7、2026-09-01 x7、2026-09-02 x3、2026-09-12 x2。
2026-09-14 16:18:37 [INFO] 已生成 processing/risk-analysis.json；analysis_complete=true，saved/analyzed/unresolved=0/0/0。
2026-09-14 16:18:38 [INFO] 风险工具更新完成：risk-write-status.json status=no_risk，count=0，完整分析后没有可写入节点，未修改 Excel。
