2026-09-07 09:57:25,524 [INFO] 跳过非目标日期内容: 帖子不属于目标日期: 2024-05-19
2026-09-07 09:57:25,524 [INFO] 跳过非目标日期内容: 帖子不属于目标日期: 2026-09-02
2026-09-07 09:57:25,524 [INFO] 跳过非目标日期内容: 帖子不属于目标日期: 2026-09-02
2026-09-07 09:57:25,524 [INFO] 跳过非目标日期内容: 帖子不属于目标日期: 2026-09-02
2026-09-07 09:57:25,525 [INFO] 跳过非目标日期内容: 帖子不属于目标日期: 2026-09-01
2026-09-07 09:57:25,525 [INFO] 跳过非目标日期内容: 帖子不属于目标日期: 2026-09-01
2026-09-07 09:57:25,525 [INFO] 跳过非目标日期内容: 帖子不属于目标日期: 2026-09-01
2026-09-07 09:57:25,526 [INFO] 跳过非目标日期内容: 帖子不属于目标日期: 2026-09-01
2026-09-07 09:57:25,526 [INFO] 跳过非目标日期内容: 帖子不属于目标日期: 2026-09-01
2026-09-07 09:57:25,526 [INFO] 跳过非目标日期内容: 帖子不属于目标日期: 2026-09-01
2026-09-07 09:57:25,527 [INFO] 跳过非目标日期内容: 帖子不属于目标日期: 2026-09-01
2026-09-07 09:57:25,527 [INFO] 跳过非目标日期内容: 帖子不属于目标日期: 2026-08-31
2026-09-07 09:57:25,527 [INFO] 跳过非目标日期内容: 帖子不属于目标日期: 2026-08-31
2026-09-07 09:57:25,527 [INFO] 跳过非目标日期内容: 帖子不属于目标日期: 2026-08-31
2026-09-07 09:57:25,528 [INFO] 跳过非目标日期内容: 帖子不属于目标日期: 2026-08-31
2026-09-07 09:57:25,528 [INFO] 跳过非目标日期内容: 帖子不属于目标日期: 2026-08-31
2026-09-07 09:57:25,528 [INFO] 跳过非目标日期内容: 帖子不属于目标日期: 2026-08-31
2026-09-07 09:57:25,529 [INFO] 跳过非目标日期内容: 帖子不属于目标日期: 2026-08-31
2026-09-07 09:57:25,529 [INFO] 跳过非目标日期内容: 帖子不属于目标日期: 2026-08-30
2026-09-07 09:57:25,529 [INFO] 跳过非目标日期内容: 帖子不属于目标日期: 2026-08-30
2026-09-07 09:57:25,530 [INFO] 跳过非目标日期内容: 帖子不属于目标日期: 2026-08-26
2026-09-07 09:57:25,530 [INFO] 跳过非目标日期内容: 帖子不属于目标日期: 2026-08-01
2026-09-07 09:57:25,530 [INFO] 跳过非目标日期内容: 帖子不属于目标日期: 2026-08-26
2026-09-07 09:57:25,530 [INFO] 跳过非目标日期内容: 帖子不属于目标日期: 2026-08-26
2026-09-07 09:57:25,531 [INFO] 跳过非目标日期内容: 帖子不属于目标日期: 2026-08-26
2026-09-07 09:57:25,531 [INFO] 跳过非目标日期内容: 帖子不属于目标日期: 2026-08-26
2026-09-07 09:57:25,531 [INFO] 跳过非目标日期内容: 帖子不属于目标日期: 2026-08-26
2026-09-07 09:57:25,531 [INFO] 跳过非目标日期内容: 帖子不属于目标日期: 2026-08-26
2026-09-07 09:57:25,531 [INFO] 跳过非目标日期内容: 帖子不属于目标日期: 2026-08-26
2026-09-07 09:57:25,532 [INFO] 跳过非目标日期内容: 帖子不属于目标日期: 2026-08-26
2026-09-07 09:57:25,532 [INFO] 跳过非目标日期内容: 帖子不属于目标日期: 2026-08-26
2026-09-07 09:57:25,532 [INFO] 跳过非目标日期内容: 帖子不属于目标日期: 2026-08-26
2026-09-07 09:57:25,532 [INFO] 跳过非目标日期内容: 帖子不属于目标日期: 2026-08-26
2026-09-07 09:57:25,532 [INFO] 跳过非目标日期内容: 帖子不属于目标日期: 2026-08-25
2026-09-07 09:57:25,532 [INFO] 跳过非目标日期内容: 帖子不属于目标日期: 2026-08-24
2026-09-07 09:57:25,533 [INFO] 跳过非目标日期内容: 帖子不属于目标日期: 2026-08-24
2026-09-07 09:57:25,533 [INFO] 跳过非目标日期内容: 帖子不属于目标日期: 2026-08-24
2026-09-07 09:57:25,533 [INFO] 跳过非目标日期内容: 帖子不属于目标日期: 2026-08-24
2026-09-07 09:57:25,533 [INFO] 跳过非目标日期内容: 帖子不属于目标日期: 2026-08-24
2026-09-07 09:57:25,533 [INFO] 跳过非目标日期内容: 帖子不属于目标日期: 2026-08-24
2026-09-07 09:57:25,534 [WARNING] 没有新的目标日期帖子需要保存。
2026-09-07 09:58:14 [INFO] 已按正式目录 sources/automations/BBXM每日汇总/2026/09/2026-09-07 生成 summary.md 与 processing/risk-analysis.json；raw_md_count=0，analysis_complete=true。
2026-09-07 09:58:14 [INFO] 本轮可见详情 40 条均为非目标日期，日期分布：2024-05-19 x1、2026-08-01 x1、2026-08-24 x6、2026-08-25 x1、2026-08-26 x12、2026-08-30 x2、2026-08-31 x7、2026-09-01 x7、2026-09-02 x3。
2026-09-07 09:59:00 [INFO] 风险工具更新完成：risk-write-status.json status=no_risk，count=0，完整分析后没有可写入节点，未修改 Excel。
