2026-08-03 16:12:26,209 [INFO] 跳过非目标日期内容: 帖子不属于目标日期: 2026-08-01
2026-08-03 16:12:26,209 [INFO] 跳过非目标日期内容: 帖子不属于目标日期: 2026-08-01
2026-08-03 16:12:26,209 [INFO] 跳过非目标日期内容: 帖子不属于目标日期: 2026-07-31
2026-08-03 16:12:26,210 [INFO] 跳过非目标日期内容: 帖子不属于目标日期: 2026-07-31
2026-08-03 16:12:26,210 [INFO] 跳过非目标日期内容: 帖子不属于目标日期: 2026-07-31
2026-08-03 16:12:26,210 [INFO] 跳过非目标日期内容: 帖子不属于目标日期: 2026-07-31
2026-08-03 16:12:26,210 [INFO] 跳过非目标日期内容: 帖子不属于目标日期: 2026-07-31
2026-08-03 16:12:26,211 [INFO] 跳过非目标日期内容: 帖子不属于目标日期: 2026-07-31
2026-08-03 16:12:26,211 [INFO] 跳过非目标日期内容: 帖子不属于目标日期: 2026-07-31
2026-08-03 16:12:26,211 [INFO] 跳过非目标日期内容: 帖子不属于目标日期: 2026-07-30
2026-08-03 16:12:26,212 [INFO] 跳过非目标日期内容: 帖子不属于目标日期: 2026-07-30
2026-08-03 16:12:26,212 [INFO] 跳过非目标日期内容: 帖子不属于目标日期: 2026-07-30
2026-08-03 16:12:26,212 [INFO] 跳过非目标日期内容: 帖子不属于目标日期: 2026-07-30
2026-08-03 16:12:26,212 [INFO] 跳过非目标日期内容: 帖子不属于目标日期: 2026-07-30
2026-08-03 16:12:26,212 [INFO] 跳过非目标日期内容: 帖子不属于目标日期: 2026-07-30
2026-08-03 16:12:26,212 [INFO] 跳过非目标日期内容: 帖子不属于目标日期: 2026-07-30
2026-08-03 16:12:26,213 [INFO] 跳过非目标日期内容: 帖子不属于目标日期: 2026-07-30
2026-08-03 16:12:26,213 [INFO] 跳过非目标日期内容: 帖子不属于目标日期: 2026-07-30
2026-08-03 16:12:26,213 [WARNING] 没有新的目标日期帖子需要保存。
2026-08-03 16:14:13 [INFO] 风险分析完成: saved=0 analyzed=0 unresolved=0 analysis_complete=true
2026-08-03 16:14:14 [INFO] Excel 更新器状态: no_risk，完整分析后没有可写入节点，未修改 Excel
2026-08-03 16:14:30 [INFO] summary.md 已写入；本轮无目标日期帖子，不生成行为翻译
