2026-08-05 16:14:08,590 [INFO] 开始处理已提取帖子 input_file=sources\automations\BBXM每日汇总\2026-08-05\冰冰小美\processing\extracted-posts.json author=冰冰小美 target_date=2026-08-05
2026-08-05 16:14:08,593 [INFO] 保存成功: E:\caojingwen\obsidian\llmwiki\sources\automations\BBXM每日汇总\2026-08-05\冰冰小美\160500_网页链接非常重要的一篇调研_1_增储_有节奏的_这是战略与管理问题_冰冰小美思考_资产增厚_资产_40380023.md
2026-08-05 16:14:08,597 [INFO] 保存成功: E:\caojingwen\obsidian\llmwiki\sources\automations\BBXM每日汇总\2026-08-05\冰冰小美\111600_计划明天就停更_注意事项_1_7-21口号救市_成交量巨大_这里对应的个股股价_有一定阻力_2__40374290.md
2026-08-05 16:14:08,602 [INFO] 保存成功: E:\caojingwen\obsidian\llmwiki\sources\automations\BBXM每日汇总\2026-08-05\冰冰小美\105200_组合不要抄作业_用于观察市场变化的_本周末过生日_下周旅游停更_-_雪球_40373611.md
2026-08-05 16:14:08,606 [INFO] 保存成功: E:\caojingwen\obsidian\llmwiki\sources\automations\BBXM每日汇总\2026-08-05\冰冰小美\104700_今日_创业板_前1小时放量超过昨日_承接力较强_创业板自7-31底背离化解后_8-3自由回落_而_40373462.md
2026-08-05 16:14:08,609 [INFO] 保存成功: E:\caojingwen\obsidian\llmwiki\sources\automations\BBXM每日汇总\2026-08-05\冰冰小美\102300_目前市场的波动_核心变化就是卖盘松动_多空分歧_做T降低成本是常态_目前也提供了这种环境_-_雪_40372650.md
2026-08-05 16:14:08,613 [INFO] 保存成功: E:\caojingwen\obsidian\llmwiki\sources\automations\BBXM每日汇总\2026-08-05\冰冰小美\100900_光的利空_影响交易的节奏_市场成长一致性减弱_成长与均衡跷跷板_市场震荡上行_符合修复行情的分歧_40372141.md
2026-08-05 16:14:08,618 [INFO] 保存成功: E:\caojingwen\obsidian\llmwiki\sources\automations\BBXM每日汇总\2026-08-05\冰冰小美\100200_宏观决定仓位_美日干预日汇率_经济体暴雷风险减弱_宏观减弱的_石油危机减弱_油价暴跌_动用法案限_40371853.md
2026-08-05 16:14:08,623 [INFO] 保存成功: E:\caojingwen\obsidian\llmwiki\sources\automations\BBXM每日汇总\2026-08-05\冰冰小美\095600_小作文利空_引发卖盘放量_昨日卖盘衰竭惜筹_今日分歧放量拉升_卖盘动摇导致_创突破3469_依旧_40371613.md
2026-08-05 16:14:08,624 [INFO] 跳过非目标日期内容: 帖子不属于目标日期: 2026-08-02
2026-08-05 16:14:08,624 [INFO] 跳过非目标日期内容: 帖子不属于目标日期: 2026-08-01
2026-08-05 16:14:08,625 [INFO] 跳过非目标日期内容: 帖子不属于目标日期: 2026-08-01
2026-08-05 16:14:08,625 [INFO] 跳过非目标日期内容: 帖子不属于目标日期: 2026-07-31
2026-08-05 16:14:08,625 [INFO] 跳过非目标日期内容: 帖子不属于目标日期: 2026-07-31
2026-08-05 16:14:08,625 [INFO] 跳过非目标日期内容: 帖子不属于目标日期: 2026-07-31
2026-08-05 16:14:08,626 [INFO] 跳过非目标日期内容: 帖子不属于目标日期: 2026-07-31
2026-08-05 16:14:08,626 [INFO] 跳过非目标日期内容: 帖子不属于目标日期: 2026-07-31
2026-08-05 16:14:08,626 [INFO] 跳过非目标日期内容: 帖子不属于目标日期: 2026-07-31
2026-08-05 16:14:08,626 [INFO] 跳过非目标日期内容: 帖子不属于目标日期: 2026-07-31
2026-08-05 16:14:08,626 [INFO] 跳过非目标日期内容: 帖子不属于目标日期: 2026-07-30

2026-08-05 16:23:51 +08:00 [INFO] 自动化收尾: 原帖8条，标签已补齐，summary.md已生成，risk-analysis.json覆盖8/8，Excel写入状态=written count=6。
