2026-08-31 11:24:46,748 [INFO] 开始处理已提取帖子 input_file=sources\automations\BBXM每日汇总\2026\08\2026-08-30\processing\extracted-posts.json author=冰冰小美 target_date=2026-08-30
2026-08-31 11:24:46,752 [INFO] 保存成功: E:\caojingwen\obsidian\llmwiki\sources\automations\BBXM每日汇总\2026\08\20260830\133400_2026年8月月报_二_40728573.md
2026-08-31 11:24:46,755 [INFO] 保存成功: E:\caojingwen\obsidian\llmwiki\sources\automations\BBXM每日汇总\2026\08\20260830\130100_2026年8月月报_一_40728433.md
2026-08-31 11:24:46,756 [INFO] 跳过非目标日期内容: 帖子不属于目标日期: 2026-08-26
2026-08-31 11:24:46,757 [INFO] 跳过非目标日期内容: 帖子不属于目标日期: 2026-08-26
2026-08-31 11:24:46,757 [INFO] 跳过非目标日期内容: 帖子不属于目标日期: 2026-08-26
2026-08-31 11:24:46,757 [INFO] 跳过非目标日期内容: 帖子不属于目标日期: 2026-08-26
2026-08-31 11:24:46,757 [INFO] 跳过非目标日期内容: 帖子不属于目标日期: 2026-08-26
2026-08-31 11:24:46,758 [INFO] 跳过非目标日期内容: 帖子不属于目标日期: 2026-08-26
2026-08-31 11:24:46,758 [INFO] 跳过非目标日期内容: 帖子不属于目标日期: 2026-08-26
2026-08-31 11:24:46,758 [INFO] 跳过非目标日期内容: 帖子不属于目标日期: 2026-08-26
2026-08-31 11:24:46,758 [INFO] 跳过非目标日期内容: 帖子不属于目标日期: 2026-08-26
2026-08-31 11:24:46,758 [INFO] 跳过非目标日期内容: 帖子不属于目标日期: 2026-08-26
2026-08-31 11:24:46,758 [INFO] 跳过非目标日期内容: 帖子不属于目标日期: 2026-08-26
2026-08-31 11:24:46,758 [INFO] 跳过非目标日期内容: 帖子不属于目标日期: 2026-08-26
2026-08-31 11:24:46,759 [INFO] 跳过非目标日期内容: 帖子不属于目标日期: 2026-08-25
2026-08-31 11:24:46,759 [INFO] 跳过非目标日期内容: 帖子不属于目标日期: 2026-08-24
2026-08-31 11:24:46,759 [INFO] 跳过非目标日期内容: 帖子不属于目标日期: 2026-08-24
2026-08-31 11:24:46,759 [INFO] 跳过非目标日期内容: 帖子不属于目标日期: 2026-08-24

2026-08-31 11:26:23 +08:00 [INFO] 昨日帖子抓取完成：目标日期 2026-08-30；可见详情 18 条；目标日期原帖 2 条；非目标日期 16 条；原帖已合并到指定日期目录并补充标签。
