2026-08-21 15:14:05,892 [INFO] 开始处理已提取帖子 input_file=sources\automations\BBXM每日汇总\2026-08-21\冰冰小美\processing\extracted-posts.json author=冰冰小美 target_date=2026-08-21
2026-08-21 15:14:05,895 [INFO] 保存成功: E:\caojingwen\obsidian\llmwiki\sources\automations\BBXM每日汇总\20260821\冰冰小美\130600_下午不看盘_出门走走_最近难得晴天_-_雪球_40603284.md
2026-08-21 15:14:05,899 [INFO] 保存成功: E:\caojingwen\obsidian\llmwiki\sources\automations\BBXM每日汇总\20260821\冰冰小美\120800_财政部_美债_美债规模_利息支出_国防支出_是代表影响_国防支出小_是节流_比如门罗主义2_0__40602635.md
2026-08-21 15:14:05,904 [INFO] 保存成功: E:\caojingwen\obsidian\llmwiki\sources\automations\BBXM每日汇总\20260821\冰冰小美\111800_贝森特嘴炮干预国债利率_有效期一天_并且声称未来某天加大这种回购力度_前不久干预日元贬值趋势_这_40601667.md
2026-08-21 15:14:05,910 [INFO] 保存成功: E:\caojingwen\obsidian\llmwiki\sources\automations\BBXM每日汇总\20260821\冰冰小美\104100_这种截图主要是展示_长期主义与宏观风险短期的应对_做T是微观交易的理解_-_雪球_40600624.md
2026-08-21 15:14:05,915 [INFO] 保存成功: E:\caojingwen\obsidian\llmwiki\sources\automations\BBXM每日汇总\20260821\冰冰小美\103800_目前主要是量化市场_不过个人还是在通胀线为主_量化市场_盘面高潮就会回落_已经多次上演了_346_40600491.md
2026-08-21 15:14:05,921 [INFO] 保存成功: E:\caojingwen\obsidian\llmwiki\sources\automations\BBXM每日汇总\20260821\冰冰小美\102900_试试_-_雪球_40600160.md
2026-08-21 15:14:05,927 [INFO] 保存成功: E:\caojingwen\obsidian\llmwiki\sources\automations\BBXM每日汇总\20260821\冰冰小美\102300_怎么发图片不糊呀_教教我_我不会用_-_雪球_40599961.md
2026-08-21 15:14:05,933 [INFO] 保存成功: E:\caojingwen\obsidian\llmwiki\sources\automations\BBXM每日汇总\20260821\冰冰小美\102000_刚我也学会一招_原来可以这样展示交割单_-_雪球_40599876.md
2026-08-21 15:14:05,934 [INFO] 跳过非目标日期内容: 帖子不属于目标日期: 2026-08-19
2026-08-21 15:14:05,935 [INFO] 跳过非目标日期内容: 帖子不属于目标日期: 2026-08-19
2026-08-21 15:14:05,935 [INFO] 跳过非目标日期内容: 帖子不属于目标日期: 2026-08-19
2026-08-21 15:14:05,935 [INFO] 跳过非目标日期内容: 帖子不属于目标日期: 2026-08-19
2026-08-21 15:14:05,936 [INFO] 跳过非目标日期内容: 帖子不属于目标日期: 2026-08-19
2026-08-21 15:14:05,936 [INFO] 跳过非目标日期内容: 帖子不属于目标日期: 2026-08-19
2026-08-21 15:14:05,936 [INFO] 跳过非目标日期内容: 帖子不属于目标日期: 2026-08-19
2026-08-21 15:14:05,936 [INFO] 跳过非目标日期内容: 帖子不属于目标日期: 2026-08-19
2026-08-21 15:14:05,937 [INFO] 跳过非目标日期内容: 帖子不属于目标日期: 2026-08-19
2026-08-21 15:14:05,937 [INFO] 跳过非目标日期内容: 帖子不属于目标日期: 2026-08-19
2026-08-21 15:14:05,937 [INFO] 跳过非目标日期内容: 帖子不属于目标日期: 2026-08-19
2026-08-21 15:14:05,938 [INFO] 跳过非目标日期内容: 帖子不属于目标日期: 2026-08-19
