0 verbose cli D:\Program Files\nodejs\node.exe D:\Program Files\nodejs\node_modules\npm\bin\npm-cli.js
1 info using npm@10.2.4
2 info using node@v20.11.1
3 timing npm:load:whichnode Completed in 2ms
4 timing config:load:defaults Completed in 5ms
5 timing config:load:file:D:\Program Files\nodejs\node_modules\npm\npmrc Completed in 0ms
6 timing config:load:builtin Completed in 0ms
7 timing config:load:cli Completed in 4ms
8 timing config:load:env Completed in 1ms
9 timing config:load:file:E:\caojingwen\obsidian\llmwiki\.npmrc Completed in 1ms
10 timing config:load:project Completed in 2ms
11 timing config:load:file:C:\Users\lenovo\.npmrc Completed in 1ms
12 timing config:load:user Completed in 1ms
13 timing config:load:file:D:\Program Files\nodejs\etc\npmrc Completed in 1ms
14 timing config:load:global Completed in 1ms
15 timing config:load:setEnvs Completed in 1ms
16 timing config:load Completed in 16ms
17 timing npm:load:configload Completed in 16ms
18 timing config:load:flatten Completed in 4ms
19 timing npm:load:mkdirpcache Completed in 0ms
20 timing npm:load:mkdirplogs Completed in 1ms
21 verbose title npm install marked@9.1.6
22 verbose argv "install" "--no-save" "--no-package-lock" "--cache" ".tmp/npm-cache" "marked@9.1.6"
23 timing npm:load:setTitle Completed in 1ms
24 timing npm:load:display Completed in 0ms
25 verbose logfile logs-max:10 dir:E:\caojingwen\obsidian\llmwiki\.tmp\npm-cache\_logs\2026-08-27T02_12_25_551Z-
26 verbose logfile E:\caojingwen\obsidian\llmwiki\.tmp\npm-cache\_logs\2026-08-27T02_12_25_551Z-debug-0.log
27 timing npm:load:logFile Completed in 13ms
28 timing npm:load:timers Completed in 1ms
29 timing npm:load:configScope Completed in 0ms
30 timing npm:load Completed in 77ms
31 timing config:load:flatten Completed in 0ms
32 timing arborist:ctor Completed in 1ms
33 silly logfile done cleaning log files
34 timing arborist:ctor Completed in 0ms
35 timing arborist:ctor Completed in 0ms
36 timing arborist:ctor Completed in 0ms
37 timing idealTree:init Completed in 11ms
38 timing idealTree:userRequests Completed in 2ms
39 silly idealTree buildDeps
40 silly fetch manifest marked@9.1.6
41 http fetch GET 200 https://registry.npmmirror.com/marked 15ms (cache hit)
42 silly placeDep ROOT marked@9.1.6 REPLACE for:  want: 9.1.6
43 timing idealTree:#root Completed in 24ms
44 timing idealTree:node_modules/marked Completed in 0ms
45 timing idealTree:buildDeps Completed in 25ms
46 timing idealTree:fixDepFlags Completed in 0ms
47 timing idealTree Completed in 39ms
48 timing reify:loadTrees Completed in 40ms
49 timing reify:diffTrees Completed in 0ms
50 silly reify mark retired [
50 silly reify   'E:\\caojingwen\\obsidian\\llmwiki\\node_modules\\marked',
50 silly reify   'E:\\caojingwen\\obsidian\\llmwiki\\node_modules\\.bin\\marked',
50 silly reify   'E:\\caojingwen\\obsidian\\llmwiki\\node_modules\\.bin\\marked.cmd',
50 silly reify   'E:\\caojingwen\\obsidian\\llmwiki\\node_modules\\.bin\\marked.ps1'
50 silly reify ]
51 silly reify moves {
51 silly reify   'E:\\caojingwen\\obsidian\\llmwiki\\node_modules\\marked': 'E:\\caojingwen\\obsidian\\llmwiki\\node_modules\\.marked-xWoCC6jG',
51 silly reify   'E:\\caojingwen\\obsidian\\llmwiki\\node_modules\\.bin\\marked': 'E:\\caojingwen\\obsidian\\llmwiki\\node_modules\\.bin\\.marked-nWDT00qQ',
51 silly reify   'E:\\caojingwen\\obsidian\\llmwiki\\node_modules\\.bin\\marked.cmd': 'E:\\caojingwen\\obsidian\\llmwiki\\node_modules\\.bin\\.marked.cmd-mW6sF5D2',
51 silly reify   'E:\\caojingwen\\obsidian\\llmwiki\\node_modules\\.bin\\marked.ps1': 'E:\\caojingwen\\obsidian\\llmwiki\\node_modules\\.bin\\.marked.ps1-5j6EWnZV'
51 silly reify }
52 timing reify:retireShallow Completed in 4ms
53 timing reify:createSparse Completed in 1ms
54 timing reify:loadBundles Completed in 0ms
55 silly tarball no local data for marked@https://registry.npmmirror.com/marked/-/marked-9.1.6.tgz. Extracting by manifest.
56 http fetch GET 200 https://cdn.npmmirror.com/packages/marked/9.1.6/marked-9.1.6.tgz 464ms (cache miss)
57 timing reifyNode:node_modules/marked Completed in 470ms
58 timing reify:unpack Completed in 470ms
59 timing reify:unretire Completed in 0ms
60 timing build:queue Completed in 0ms
61 timing build:link:node_modules/marked Completed in 5ms
62 timing build:link Completed in 5ms
63 timing build:deps Completed in 5ms
64 timing build Completed in 6ms
65 timing reify:build Completed in 6ms
66 timing reify:trash Completed in 10ms
67 timing reify Completed in 541ms
68 silly CHANGE node_modules/marked
69 timing command:install Completed in 545ms
70 verbose exit 0
71 timing npm Completed in 1250ms
72 info ok
