0 verbose cli D:\Program Files\nodejs\node.exe D:\Program Files\nodejs\node_modules\npm\bin\npm-cli.js
1 info using npm@10.2.4
2 info using node@v20.11.1
3 timing npm:load:whichnode Completed in 3ms
4 timing config:load:defaults Completed in 2ms
5 timing config:load:file:D:\Program Files\nodejs\node_modules\npm\npmrc Completed in 3ms
6 timing config:load:builtin Completed in 4ms
7 timing config:load:cli Completed in 3ms
8 timing config:load:env Completed in 0ms
9 timing config:load:file:E:\caojingwen\obsidian\llmwiki\.npmrc Completed in 0ms
10 timing config:load:project Completed in 1ms
11 timing config:load:file:C:\Users\lenovo\.npmrc Completed in 2ms
12 timing config:load:user Completed in 2ms
13 timing config:load:file:D:\Program Files\nodejs\etc\npmrc Completed in 0ms
14 timing config:load:global Completed in 1ms
15 timing config:load:setEnvs Completed in 2ms
16 timing config:load Completed in 16ms
17 timing npm:load:configload Completed in 16ms
18 timing config:load:flatten Completed in 2ms
19 timing npm:load:mkdirpcache Completed in 1ms
20 timing npm:load:mkdirplogs Completed in 0ms
21 verbose title npm install marked
22 verbose argv "install" "--no-save" "--no-package-lock" "--cache" ".tmp/npm-cache" "marked"
23 timing npm:load:setTitle Completed in 1ms
24 timing npm:load:display Completed in 1ms
25 verbose logfile logs-max:10 dir:E:\caojingwen\obsidian\llmwiki\.tmp\npm-cache\_logs\2026-08-27T02_12_00_022Z-
26 verbose logfile E:\caojingwen\obsidian\llmwiki\.tmp\npm-cache\_logs\2026-08-27T02_12_00_022Z-debug-0.log
27 timing npm:load:logFile Completed in 12ms
28 timing npm:load:timers Completed in 0ms
29 timing npm:load:configScope Completed in 0ms
30 timing npm:load Completed in 77ms
31 timing config:load:flatten Completed in 0ms
32 timing arborist:ctor Completed in 1ms
33 silly logfile done cleaning log files
34 timing arborist:ctor Completed in 0ms
35 timing idealTree:init Completed in 13ms
36 timing idealTree:userRequests Completed in 2ms
37 silly idealTree buildDeps
38 silly fetch manifest marked@*
39 http fetch GET 200 https://registry.npmmirror.com/marked 185ms (cache miss)
40 silly placeDep ROOT marked@18.0.11 OK for:  want: *
41 timing idealTree:#root Completed in 199ms
42 timing idealTree:node_modules/marked Completed in 0ms
43 timing idealTree:buildDeps Completed in 200ms
44 timing idealTree:fixDepFlags Completed in 0ms
45 timing idealTree Completed in 217ms
46 timing reify:loadTrees Completed in 218ms
47 timing reify:diffTrees Completed in 1ms
48 silly reify moves {}
49 timing reify:retireShallow Completed in 1ms
50 timing reify:createSparse Completed in 3ms
51 timing reify:loadBundles Completed in 0ms
52 silly tarball no local data for marked@https://registry.npmmirror.com/marked/-/marked-18.0.11.tgz. Extracting by manifest.
53 http fetch GET 200 https://registry.npmmirror.com/npm 309ms (cache miss)
54 http fetch GET 200 https://cdn.npmmirror.com/packages/marked/18.0.11/marked-18.0.11.tgz 473ms (cache miss)
55 timing reifyNode:node_modules/marked Completed in 480ms
56 timing reify:unpack Completed in 480ms
57 timing reify:unretire Completed in 0ms
58 timing build:queue Completed in 1ms
59 timing build:link:node_modules/marked Completed in 5ms
60 timing build:link Completed in 5ms
61 timing build:deps Completed in 6ms
62 timing build Completed in 6ms
63 timing reify:build Completed in 6ms
64 timing reify:trash Completed in 0ms
65 timing reify Completed in 796ms
66 silly ADD node_modules/marked
67 timing command:install Completed in 801ms
68 notice
68 notice New major version of npm available! 10.2.4 -> 12.0.2
68 notice Changelog: <https://github.com/npm/cli/releases/tag/v12.0.2>
68 notice Run `npm install -g npm@12.0.2` to update!
68 notice
69 verbose exit 0
70 timing npm Completed in 1731ms
71 info ok
