2026-09-01 16:15:54,268 [INFO] 跳过非目标日期内容: 帖子不属于目标日期: 2024-05-19
2026-09-01 16:15:54,269 [INFO] 开始处理已提取帖子 input_file=sources\automations\BBXM每日汇总\2026\09\2026-09-01\processing\extracted-posts.json author=冰冰小美 target_date=2026-09-01
2026-09-01 16:15:54,272 [INFO] 保存成功: E:\caojingwen\obsidian\llmwiki\sources\automations\BBXM每日汇总\20260901\冰冰小美\150200_盘面群魔乱舞_投机窗口_是2023更新的内容_目前不会更新短线帖子_是不是可以放个假_-_雪球_40758321.md
2026-09-01 16:15:54,276 [INFO] 保存成功: E:\caojingwen\obsidian\llmwiki\sources\automations\BBXM每日汇总\20260901\冰冰小美\141000_看了_中际旭创_的分时图_与_创业板_分时图一模一样_-_雪球_40757265.md
2026-09-01 16:15:54,281 [INFO] 保存成功: E:\caojingwen\obsidian\llmwiki\sources\automations\BBXM每日汇总\20260901\冰冰小美\140300_盘面投机性拉满的_听说开始炒作金字辈_-_雪球_40757125.md
2026-09-01 16:15:54,285 [INFO] 保存成功: E:\caojingwen\obsidian\llmwiki\sources\automations\BBXM每日汇总\20260901\冰冰小美\115600_如果交易能力不足的_这种行情少参与_脆弱性的叠加_如果真遇到利空_本来观望的就多_没有承接力_很_40755202.md
2026-09-01 16:15:54,289 [INFO] 保存成功: E:\caojingwen\obsidian\llmwiki\sources\automations\BBXM每日汇总\20260901\冰冰小美\112800_北证50_开始活跃_小盘股的活跃_有利于投机_-_雪球_40754756.md
2026-09-01 16:15:54,294 [INFO] 保存成功: E:\caojingwen\obsidian\llmwiki\sources\automations\BBXM每日汇总\20260901\冰冰小美\110600_围绕救市十字星震荡了很久了_3373-3469-3507_来回割韭菜_套路深_节奏不好就是养分__40754231.md
2026-09-01 16:15:54,299 [INFO] 保存成功: E:\caojingwen\obsidian\llmwiki\sources\automations\BBXM每日汇总\20260901\冰冰小美\100300_利率上行的趋势性_通胀顽固性_科技承压性_-_雪球_40752382.md
2026-09-01 16:15:54,300 [INFO] 跳过非目标日期内容: 帖子不属于目标日期: 2026-08-31
2026-09-01 16:15:54,300 [INFO] 跳过非目标日期内容: 帖子不属于目标日期: 2026-08-31
2026-09-01 16:15:54,300 [INFO] 跳过非目标日期内容: 帖子不属于目标日期: 2026-08-31
2026-09-01 16:15:54,301 [INFO] 跳过非目标日期内容: 帖子不属于目标日期: 2026-08-31
2026-09-01 16:15:54,301 [INFO] 跳过非目标日期内容: 帖子不属于目标日期: 2026-08-31
2026-09-01 16:15:54,301 [INFO] 跳过非目标日期内容: 帖子不属于目标日期: 2026-08-31
2026-09-01 16:15:54,301 [INFO] 跳过非目标日期内容: 帖子不属于目标日期: 2026-08-31
2026-09-01 16:15:54,302 [INFO] 跳过非目标日期内容: 帖子不属于目标日期: 2026-08-30
2026-09-01 16:15:54,302 [INFO] 跳过非目标日期内容: 帖子不属于目标日期: 2026-08-30
2026-09-01 16:15:54,302 [INFO] 跳过非目标日期内容: 帖子不属于目标日期: 2026-08-26
2026-09-01 16:15:54,302 [INFO] 跳过非目标日期内容: 帖子不属于目标日期: 2026-08-26
2026-09-01 16:15:54,302 [INFO] 跳过非目标日期内容: 帖子不属于目标日期: 2026-08-26
2026-09-01 16:15:54,303 [INFO] 跳过非目标日期内容: 帖子不属于目标日期: 2026-08-26
2026-09-01 16:15:54,303 [INFO] 跳过非目标日期内容: 帖子不属于目标日期: 2026-08-01
2026-09-01 16:15:54,303 [INFO] 跳过非目标日期内容: 帖子不属于目标日期: 2026-08-26
2026-09-01 16:15:54,303 [INFO] 跳过非目标日期内容: 帖子不属于目标日期: 2026-08-26
2026-09-01 16:15:54,303 [INFO] 跳过非目标日期内容: 帖子不属于目标日期: 2026-08-26
2026-09-01 16:15:54,304 [INFO] 跳过非目标日期内容: 帖子不属于目标日期: 2026-08-26
2026-09-01 16:15:54,304 [INFO] 跳过非目标日期内容: 帖子不属于目标日期: 2026-08-26
2026-09-01 16:15:54,304 [INFO] 跳过非目标日期内容: 帖子不属于目标日期: 2026-08-26
2026-09-01 16:15:54,304 [INFO] 跳过非目标日期内容: 帖子不属于目标日期: 2026-08-26
2026-09-01 16:15:54,304 [INFO] 跳过非目标日期内容: 帖子不属于目标日期: 2026-08-25
2026-09-01 16:15:54,305 [INFO] 跳过非目标日期内容: 帖子不属于目标日期: 2026-08-24
2026-09-01 16:15:54,305 [INFO] 跳过非目标日期内容: 帖子不属于目标日期: 2026-08-24
2026-09-01 16:15:54,305 [INFO] 跳过非目标日期内容: 帖子不属于目标日期: 2026-08-24
2026-09-01 16:15:54,305 [INFO] 跳过非目标日期内容: 帖子不属于目标日期: 2026-08-24
2026-09-01 16:15:54,305 [INFO] 跳过非目标日期内容: 帖子不属于目标日期: 2026-08-24
2026-09-01 16:15:54,306 [INFO] 跳过非目标日期内容: 帖子不属于目标日期: 2026-08-24
2026-09-01 16:19:34 [INFO] 抓取数量预检：候选 40，requestPacing=auto，riskLevel=high；已启用 4-8 秒随机间隔和每 10 条 30-60 秒冷却。
2026-09-01 16:19:34 [INFO] 本轮成功提取 39 条详情；日期分布：2026-09-01 x7，2026-08-31 x7，2026-08-30 x2，2026-08-26 x11，2026-08-25 x1，2026-08-24 x9，2026-08-01 x1，2024-05-19 x1。
2026-09-01 16:19:34 [WARNING] 非目标日详情提取异常：旧帖 https://xueqiu.com/7143769715/406647081 报错 Cannot read properties of null (reading 'scrollHeight')；未发现该异常影响 2026-09-01 目标日期覆盖。
2026-09-01 16:19:34 [INFO] 已将临时 20260901/冰冰小美 输出合并到官方目录 sources/automations/BBXM每日汇总/2026/09/2026-09-01，并改写 state.json 路径；官方日期目录下未保留“冰冰小美”子目录。
2026-09-01 16:19:34 [INFO] 已为 7 篇目标日期原帖补写标签；未生成 操作.md，因为作者当天没有明确买入、卖出、加仓或减仓信号。
2026-09-01 16:19:34 [INFO] 已生成 summary.md 与 processing/risk-analysis.json；风险分析 coverage=7/7，unresolved=0，qualified=5，not_written=2。
2026-09-01 16:20:00 [INFO] Excel 更新器返回 written，count=5，已更新 tools/bbxm-risk-dashboard/data/冰冰小美风险提示.xlsx 的自动分析行。
2026-09-01 16:15:54,306 [INFO] 跳过非目标日期内容: 帖子不属于目标日期: 2026-08-24
2026-09-01 16:15:54,306 [INFO] 跳过非目标日期内容: 帖子不属于目标日期: 2026-08-24
2026-09-01 16:15:54,306 [INFO] 跳过非目标日期内容: 帖子不属于目标日期: 2026-08-24
