2026-09-02 16:14:31,120 [INFO] 跳过非目标日期内容: 帖子不属于目标日期: 2024-05-19
2026-09-02 16:14:31,121 [INFO] 开始处理已提取帖子 input_file=sources\automations\BBXM每日汇总\2026\09\2026-09-02\processing\extracted-posts.json author=冰冰小美 target_date=2026-09-02
2026-09-02 16:14:31,123 [INFO] 保存成功: E:\caojingwen\obsidian\llmwiki\sources\automations\BBXM每日汇总\20260902\冰冰小美\094900_停更了_如果散户能做空盈利_还敢这么嚣张吗_-_雪球_40768433.md
2026-09-02 16:14:31,126 [INFO] 保存成功: E:\caojingwen\obsidian\llmwiki\sources\automations\BBXM每日汇总\20260902\冰冰小美\094600_所以投机反而一往无前_砸一波_贵州燃气_封板_这不是2018年熊市的投机开路先锋_机构不是不懂__40768335.md
2026-09-02 16:14:31,129 [INFO] 保存成功: E:\caojingwen\obsidian\llmwiki\sources\automations\BBXM每日汇总\20260902\冰冰小美\093700_请问对这种市场有何评论_泥沙俱下_管你利好利空_纯粹筹码博弈_哪怕你站在宏观正确的一面_A股也不_40768050.md
2026-09-02 16:14:31,130 [INFO] 跳过非目标日期内容: 帖子不属于目标日期: 2026-09-01
2026-09-02 16:14:31,130 [INFO] 跳过非目标日期内容: 帖子不属于目标日期: 2026-09-01
2026-09-02 16:14:31,130 [INFO] 跳过非目标日期内容: 帖子不属于目标日期: 2026-09-01
2026-09-02 16:14:31,130 [INFO] 跳过非目标日期内容: 帖子不属于目标日期: 2026-09-01
2026-09-02 16:14:31,130 [INFO] 跳过非目标日期内容: 帖子不属于目标日期: 2026-09-01
2026-09-02 16:14:31,131 [INFO] 跳过非目标日期内容: 帖子不属于目标日期: 2026-09-01
2026-09-02 16:14:31,131 [INFO] 跳过非目标日期内容: 帖子不属于目标日期: 2026-09-01
2026-09-02 16:14:31,131 [INFO] 跳过非目标日期内容: 帖子不属于目标日期: 2026-08-31
2026-09-02 16:14:31,131 [INFO] 跳过非目标日期内容: 帖子不属于目标日期: 2026-08-31
2026-09-02 16:14:31,131 [INFO] 跳过非目标日期内容: 帖子不属于目标日期: 2026-08-31
2026-09-02 16:14:31,131 [INFO] 跳过非目标日期内容: 帖子不属于目标日期: 2026-08-31
2026-09-02 16:14:31,131 [INFO] 跳过非目标日期内容: 帖子不属于目标日期: 2026-08-31
2026-09-02 16:14:31,132 [INFO] 跳过非目标日期内容: 帖子不属于目标日期: 2026-08-31
2026-09-02 16:14:31,132 [INFO] 跳过非目标日期内容: 帖子不属于目标日期: 2026-08-31
2026-09-02 16:14:31,132 [INFO] 跳过非目标日期内容: 帖子不属于目标日期: 2026-08-30
2026-09-02 16:14:31,132 [INFO] 跳过非目标日期内容: 帖子不属于目标日期: 2026-08-30
2026-09-02 16:14:31,132 [INFO] 跳过非目标日期内容: 帖子不属于目标日期: 2026-08-26
2026-09-02 16:14:31,132 [INFO] 跳过非目标日期内容: 帖子不属于目标日期: 2026-08-01
2026-09-02 16:14:31,132 [INFO] 跳过非目标日期内容: 帖子不属于目标日期: 2026-08-26
2026-09-02 16:14:31,133 [INFO] 跳过非目标日期内容: 帖子不属于目标日期: 2026-08-26
2026-09-02 16:14:31,133 [INFO] 跳过非目标日期内容: 帖子不属于目标日期: 2026-08-26
2026-09-02 16:14:31,133 [INFO] 跳过非目标日期内容: 帖子不属于目标日期: 2026-08-26
2026-09-02 16:14:31,133 [INFO] 跳过非目标日期内容: 帖子不属于目标日期: 2026-08-26
2026-09-02 16:14:31,133 [INFO] 跳过非目标日期内容: 帖子不属于目标日期: 2026-08-26
2026-09-02 16:14:31,133 [INFO] 跳过非目标日期内容: 帖子不属于目标日期: 2026-08-26
2026-09-02 16:14:31,133 [INFO] 跳过非目标日期内容: 帖子不属于目标日期: 2026-08-26
2026-09-02 16:14:31,133 [INFO] 跳过非目标日期内容: 帖子不属于目标日期: 2026-08-26
2026-09-02 16:14:31,134 [INFO] 跳过非目标日期内容: 帖子不属于目标日期: 2026-08-26
2026-09-02 16:14:31,134 [INFO] 跳过非目标日期内容: 帖子不属于目标日期: 2026-08-26
2026-09-02 16:14:31,134 [INFO] 跳过非目标日期内容: 帖子不属于目标日期: 2026-08-25
2026-09-02 16:14:31,134 [INFO] 跳过非目标日期内容: 帖子不属于目标日期: 2026-08-24
2026-09-02 16:14:31,134 [INFO] 跳过非目标日期内容: 帖子不属于目标日期: 2026-08-24
2026-09-02 16:14:31,134 [INFO] 跳过非目标日期内容: 帖子不属于目标日期: 2026-08-24
2026-09-02 16:14:31,134 [INFO] 跳过非目标日期内容: 帖子不属于目标日期: 2026-08-24
2026-09-02 16:14:31,134 [INFO] 跳过非目标日期内容: 帖子不属于目标日期: 2026-08-24
2026-09-02 16:14:31,135 [INFO] 跳过非目标日期内容: 帖子不属于目标日期: 2026-08-24
2026-09-02 16:33:10 [INFO] 抓取数量预检：候选 40，requestPacing=auto，riskLevel=high；已启用 4-8 秒随机间隔和每 10 条 30-60 秒冷却。
2026-09-02 16:33:10 [INFO] 本轮成功提取 40 条详情；日期分布：2026-09-02 x3，2026-09-01 x7，2026-08-31 x7，2026-08-30 x2，2026-08-26 x12，2026-08-25 x1，2026-08-24 x6，2026-08-01 x1，2024-05-19 x1。
2026-09-02 16:33:10 [INFO] 已将临时 20260902/冰冰小美 输出合并到官方目录 sources/automations/BBXM每日汇总/2026/09/2026-09-02，并改写 state.json 路径；官方日期目录下未保留“冰冰小美”子目录。
2026-09-02 16:33:10 [INFO] 已为 3 篇目标日期原帖补写标签；未生成 操作.md，因为作者当天没有明确买入、卖出、加仓或减仓信号。
2026-09-02 16:33:10 [INFO] 已生成 summary.md 与 processing/risk-analysis.json；风险分析 coverage=3/3，unresolved=0，qualified=3，not_written=0。
2026-09-02 16:33:10 [INFO] Excel 更新器返回 written，count=3，已更新 tools/bbxm-risk-dashboard/data/冰冰小美风险提示.xlsx 的自动分析行。
